[
  1678619560000,
  2023-03-12T11:12:40.000Z,
  'Sunday, March 12, 2023 at 8:12:40â€¯AM Chile Summer Time'
]