[
  1678590000000,
  2023-03-12T03:00:00.000Z,
  'Sunday, March 12, 2023 at 12:00:00â€¯AM Chile Summer Time'
]