{
  kind: 'Module',
  span: { start: 0, end: 7 },
  nodes: [
    {
      kind: 'PropertyParameter',
      span: { start: 0, end: 7 },
      name: {
        kind: 'PropertyParameterName',
        span: { start: 0, end: 3 },
        value: 'FOO'
      },
      value: {
        kind: 'PropertyParameterValue',
        span: { start: 4, end: 7 },
        value: 'BIZ'
      },
      altRepNodes: []
    }
  ]
}