ICalendar {
  kind: 'VCALENDAR',
  properties: Map(0) {},
  components: Set(0) {}
}