ICalendar {
  kind: 'VCALENDAR',
  properties: Map(4) {
    'VERSION' => PropertyValue { value: '2.0', parameters: Map(0) {} },
    'PRODID' => PropertyValue {
      value: '-//ZContent.net//Zap Calendar 1.0//EN',
      parameters: Map(0) {}
    },
    'CALSCALE' => PropertyValue { value: 'GREGORIAN', parameters: Map(0) {} },
    'METHOD' => PropertyValue { value: 'PUBLISH', parameters: Map(0) {} }
  },
  components: Set(1) {
    VComponent {
      kind: 'VEVENT',
      properties: Map(14) {
        'SUMMARY' => PropertyValue {
          value: 'Abraham Lincoln',
          parameters: Map(0) {}
        },
        'UID' => PropertyValue {
          value: 'c7614cff-3549-4a00-9152-d25cc1fe077d',
          parameters: Map(0) {}
        },
        'SEQUENCE' => PropertyValue { value: 0, parameters: Map(0) {} },
        'STATUS' => PropertyValue { value: 'CONFIRMED', parameters: Map(0) {} },
        'TRANSP' => PropertyValue { value: 'TRANSPARENT', parameters: Map(0) {} },
        'RRULE' => PropertyValue {
          value: 'FREQ=YEARLY;INTERVAL=1;BYMONTH=2;BYMONTHDAY=12',
          parameters: Map(0) {}
        },
        'DTSTART' => PropertyValue { value: '20080212', parameters: Map(0) {} },
        'DTEND' => PropertyValue { value: '20080213', parameters: Map(0) {} },
        'DTSTAMP' => PropertyValue {
          value: {
            fullYear: 2015,
            month: 4,
            monthDay: 21,
            hour: 14,
            minute: 14,
            seconds: 3,
            utc: false
          },
          parameters: Map(0) {}
        },
        'CATEGORIES' => PropertyValue {
          value: 'U.S. Presidents,Civil War People',
          parameters: Map(0) {}
        },
        'LOCATION' => PropertyValue {
          value: 'Hodgenville\\, Kentucky',
          parameters: Map(0) {}
        },
        'GEO' => PropertyValue {
          value: '37.5739497;-85.7399606',
          parameters: Map(0) {}
        },
        'DESCRIPTION' => PropertyValue {
          value: 'Born February 12\\, 1809\\nSixteenth President (1861-1865)\\n\\n\\n\\nhttp://AmericanHistoryCalendar.com',
          parameters: Map(0) {}
        },
        'URL' => PropertyValue {
          value: 'http://americanhistorycalendar.com/peoplecalendar/1,328-abraham-lincoln',
          parameters: Map(0) {}
        }
      },
      components: Set(0) {}
    }
  }
}